// Jest Snapshot v1, https://goo.gl/fbAQLP

exports[`ShowCastSection Component matches snapshot 1`] = `
<DocumentFragment>
  <div
    class="show-info"
  >
    <h2
      class="show-info__title"
    >
      Starring
    </h2>
    <div
      class="show-info__content"
    >
      <section
        aria-labelledby="cast-title"
        data-testid="show-cast-section"
      >
        <ul
          class="cast-list"
        >
          <div
            data-testid="cast-list-item"
          >
            <p>
              Bryan Cranston
            </p>
            <p>
              Walter White
            </p>
          </div>
          <div
            data-testid="cast-list-item"
          >
            <p>
              Aaron Paul
            </p>
            <p>
              Jesse Pinkman
            </p>
          </div>
        </ul>
        <div
          data-testid="pagination"
        >
          <button
            disabled=""
          >
            Prev
          </button>
          <button>
            Next
          </button>
        </div>
      </section>
    </div>
  </div>
</DocumentFragment>
`;
